
> scouting-app@0.0.0 build
> vite build

[36mvite v8.0.8 [32mbuilding client environment for production...[36m[39m
[2Ktransforming...✓ 2791 modules transformed.
[31m✗[39m Build failed in 270ms
[31merror during build:
[31mBuild failed with 1 error:

[plugin @tailwindcss/vite:generate:build] D:/APP/scouting-app/src/index.css
Error: `@utility` cannot be nested.
    at file:///D:/APP/scouting-app/node_modules/tailwindcss/dist/chunk-F4544Y4M.mjs:32:3317
    at Cr (file:///D:/APP/scouting-app/node_modules/tailwindcss/dist/chunk-F4544Y4M.mjs:3:1733)
    at _ (file:///D:/APP/scouting-app/node_modules/tailwindcss/dist/chunk-F4544Y4M.mjs:3:1377)
    at Zi (file:///D:/APP/scouting-app/node_modules/tailwindcss/dist/chunk-F4544Y4M.mjs:32:2712)
    at async ua (file:///D:/APP/scouting-app/node_modules/tailwindcss/dist/chunk-F4544Y4M.mjs:38:631)
    at async yf (file:///D:/APP/scouting-app/node_modules/tailwindcss/dist/chunk-F4544Y4M.mjs:38:1406)
    at async uu (file:///D:/APP/scouting-app/node_modules/@tailwindcss/node/dist/index.mjs:10:3457)
    at async B.generate (file:///D:/APP/scouting-app/node_modules/@tailwindcss/vite/dist/index.mjs:1:5236)
    at async TransformPluginContextImpl.handler (file:///D:/APP/scouting-app/node_modules/@tailwindcss/vite/dist/index.mjs:1:3957)
    at async plugin (file:///D:/APP/scouting-app/node_modules/rolldown/dist/shared/bindingify-input-options-DYpBf1OG.mjs:1172:16)[31m
    at aggregateBindingErrorsIntoJsError (file:///D:/APP/scouting-app/node_modules/rolldown/dist/shared/error-w0u7biK-.mjs:48:18)
    at unwrapBindingResult (file:///D:/APP/scouting-app/node_modules/rolldown/dist/shared/error-w0u7biK-.mjs:18:128)
    at #build (file:///D:/APP/scouting-app/node_modules/rolldown/dist/shared/rolldown-build-DtGk-m96.mjs:3313:34)
    at async buildEnvironment (file:///D:/APP/scouting-app/node_modules/vite/dist/node/chunks/node.js:32954:64)
    at async Object.build (file:///D:/APP/scouting-app/node_modules/vite/dist/node/chunks/node.js:33376:19)
    at async Object.buildApp (file:///D:/APP/scouting-app/node_modules/vite/dist/node/chunks/node.js:33373:153)
    at async CAC.<anonymous> (file:///D:/APP/scouting-app/node_modules/vite/dist/node/cli.js:778:3) {
  errors: [Getter/Setter]
}[39m
